[medcare-template.webflow.io/about-us.html]
[backblue.gif]
[fade.gif]
[index.html]
[assets-global.website-files.com/65c992c37023d69385565acc/css/medcare-template.webflow.1b5882e1f.css]
[cdn.prod.website-files.com/65c992c37023d69385565acc/65c9dc31c6aa622c981c7036_favicon_32x32px.png]
[cdn.prod.website-files.com/65c992c37023d69385565acc/65c9dc398a42023d2fd60f43_webclip_256x256px.png]
[cdn.prod.website-files.com/65c992c37023d69385565acc/65c9a4e9f78ae07595c9f519_medcare-logo.png]
[medcare-template.webflow.io/home-page/home-one.html]
[medcare-template.webflow.io/home-page/home-two.html]
[medcare-template.webflow.io/doctors.html]
[medcare-template.webflow.io/blog.html]
[medcare-template.webflow.io/appointment.html]
[medcare-template.webflow.io/contact-us.html]
[medcare-template.webflow.io/sign-in.html]
[medcare-template.webflow.io/sign-up.html]
[medcare-template.webflow.io/forgot-password.html]
[medcare-template.webflow.io/service/gynecology.html]
[medcare-template.webflow.io/post/regular-screenings-and-health-maintenance.html]
[medcare-template.webflow.io/doctors/dr-sarah-davis.html]
[medcare-template.webflow.io/404.html]
[medcare-template.webflow.io/401.html]
[medcare-template.webflow.io/template-info/style-guide.html]
[medcare-template.webflow.io/template-info/licenses.html]
[medcare-template.webflow.io/template-info/changelog.html]
[cdn.prod.website-files.com/65c992c37023d69385565acc/65d31a6be16ba1bfa68c9874_About-hero-banner.jpg]
[cdn.prod.website-files.com/65c992c37023d69385565acc/65d3267a24fcd687ca14f71d_our-mission-banner.jpg]
[cdn.prod.website-files.com/65c992c37023d69385565acc/65d32b5ace27c11e4d4f9e86_our-apart-banner.jpg]
[medcare-template.webflow.io/doctors/dr-david-martin.html]
[cdn.prod.website-files.com/65cb4d1ed2f90340ed5047d9/65cc8aacf3278495aac9c380_dr-david-martin.png]
[medcare-template.webflow.io/doctor-specialty/ophthalmologist.html]
[medcare-template.webflow.io/doctors/dr-robert-jackson.html]
[cdn.prod.website-files.com/65cb4d1ed2f90340ed5047d9/65cc8a4f6f2babb31de67957_dr-robert-jackson.png]
[medcare-template.webflow.io/doctor-specialty/neurologist.html]
[cdn.prod.website-files.com/65cb4d1ed2f90340ed5047d9/65cc8a2143e4ccf99672dab2_dr-sarah-davis.png]
[medcare-template.webflow.io/doctor-specialty/gynecologist.html]
[medcare-template.webflow.io/doctors/dr-jessica-white.html]
[cdn.prod.website-files.com/65cb4d1ed2f90340ed5047d9/65cc89f6ac1c58da55ccfbbc_dr-jessica-white.png]
[medcare-template.webflow.io/doctor-specialty/pediatrician.html]
[cdn.prod.website-files.com/65c992c37023d69385565acc/65cca34667321a9a91919866_CTA-banner.jpg]
[d3e54v103j8qbb.cloudfront.net/js/jquery-3.5.1.min.dc5e7f18c843fc.js]
[medcare-template.webflow.io/about-us.html]
[assets-global.website-files.com/65c992c37023d69385565acc/js/webflow.e72dc5e5f.js]
[assets-global.website-files.com/65c992c37023d69385565acc/65e9afb2693e091054d0a76f_preview-footer.png]
[assets-global.website-files.com/65c992c37023d69385565acc/65e95cfe3326bb1695beded0_thubnail-hero-bg.jpg]
[assets-global.website-files.com/65c992c37023d69385565acc/65ed9708d2f4a0859998d48b_CTA-BG.png]
[assets-global.website-files.com/65c992c37023d69385565acc/65e995eff9fe40fa38e0e973_reuseable-bg.png]
[assets-global.website-files.com/65c992c37023d69385565acc/css/medcare-template.webflow.1b5882e1f.css]
[cdn.prod.website-files.com/65c992c37023d69385565acc/65cb058791aadd6db3939a36_dr-cart.png]
[cdn.prod.website-files.com/65c992c37023d69385565acc/65cb03c7c409125210deb105_banner-dr-img.png]
[cdn.prod.website-files.com/65c992c37023d69385565acc/65cb0b22d5c6859bd68e4761_hero-one-rectangle.png]
[cdn.prod.website-files.com/65cb4d1ed2f90340ed5047d9/65cb4ff286477ad7e0776295_gynecology.png]
[cdn.prod.website-files.com/65cb4d1ed2f90340ed5047d9/65cb4f91c4f9e33c53b0c65a_pediatrics.png]
[medcare-template.webflow.io/service/pediatrics.html]
[cdn.prod.website-files.com/65cb4d1ed2f90340ed5047d9/65cb4f26838d762de834b7ab_ophthalmology.png]
[cdn.prod.website-files.com/65cb4d1ed2f90340ed5047d9/65cb4ed491d92075f406ae9b_neurology.png]
[medcare-template.webflow.io/service/neurology.html]
[cdn.prod.website-files.com/65cb4d1ed2f90340ed5047d9/65cb4e7f995609bf6bc39c36_oncology.png]
[medcare-template.webflow.io/service/oncology.html]
[cdn.prod.website-files.com/65cb4d1ed2f90340ed5047d9/65cb4df6dfec5e2b401272bb_cardiology.png]
[medcare-template.webflow.io/service/cardiology.html]
[cdn.prod.website-files.com/65c992c37023d69385565acc/65cc35836bd9d321023f0c7b_about-banner-image-large.png]
[cdn.prod.website-files.com/65c992c37023d69385565acc/65cc410a2512d0a2d9508437_About Banner Image Two.jpg]
[cdn.prod.website-files.com/65c992c37023d69385565acc/65cc483031e6fa4acae156fa_ellipse-top.png]
[cdn.prod.website-files.com/65c992c37023d69385565acc/65cc48e662c5b8422da44692_ellipse-center.png]
[cdn.prod.website-files.com/65c992c37023d69385565acc/65cc4a70398f0f3e175f87c7_ellipse-bottom.png]
[cdn.prod.website-files.com/65c992c37023d69385565acc/65cd9375ba2d7622952ab204_Braden-dawais.jpg]
[cdn.prod.website-files.com/65c992c37023d69385565acc/65cd96e9ce2cb290e285b858_Star-5.png]
[cdn.prod.website-files.com/65c992c37023d69385565acc/65cd981c219b88cc407d42c3_dark-star-5.png]
[cdn.prod.website-files.com/65c992c37023d69385565acc/65cd9d49c3cf2384bfcc4e92_dotted shape.png]
[cdn.prod.website-files.com/65c992c37023d69385565acc/65cd9778ffa57e62706862a8_Naliyen-lestie.jpg]
[cdn.prod.website-files.com/65c992c37023d69385565acc/65cd97c8a87fbf277fb8c6c3_Jenny-wilson.jpg]
[cdn.prod.website-files.com/65c992c37023d69385565acc/65cd9ffc63e05410dba4dcd6_Daisy-robinson.jpg]
[cdn.prod.website-files.com/65c992c37023d69385565acc/65cd9f98fc7f1f47526ccb04_Brent-bennett.jpg]
[cdn.prod.website-files.com/65cb4d1ed2f90340ed5047d9/65cdb32bdafcbc4f8057f961_expert-advice-on-chronic-conditions.jpg]
[cdn.prod.website-files.com/65cb4d1ed2f90340ed5047d9/65cdc9520d35b2adb1e02099_cody-fisher.png]
[medcare-template.webflow.io/blog-authors/cody-fisher.html]
[medcare-template.webflow.io/post/enhancing-your-life-through-mind-body-practices.html]
[cdn.prod.website-files.com/65cb4d1ed2f90340ed5047d9/65cdb2e0107bcefe373ba1e8_enhancing-your-life-through-mind-body-practices.png]
[cdn.prod.website-files.com/65cb4d1ed2f90340ed5047d9/65cdc92babb423cfdb6863a9_floyd-miles.png]
[medcare-template.webflow.io/blog-authors/floyd-miles.html]
[cdn.prod.website-files.com/65cb4d1ed2f90340ed5047d9/65cdb2b90c393f48a11be660_regular-screenings-and-health-maintenance.png]
[cdn.prod.website-files.com/65cb4d1ed2f90340ed5047d9/65cdc9799fdad42eb3bbbc02_rick-walton.png]
[medcare-template.webflow.io/home-page/home-one.html]
[medcare-template.webflow.io/blog-authors/rick-walton.html]
[cdn.prod.website-files.com/65c992c37023d69385565acc/65cddeceb8f6021490967cf8_hero-banner-img-two.png]
[cdn.prod.website-files.com/65c992c37023d69385565acc/65d18632757eed4184b5f9b1_about-banner.jpg]
[cdn.prod.website-files.com/65cb4d1ed2f90340ed5047d9/65cb4fdfa696969bcb1763dd_gynecology.png]
[cdn.prod.website-files.com/65cb4d1ed2f90340ed5047d9/65cb4f8291d92075f40703f5_pediatrics.png]
[cdn.prod.website-files.com/65cb4d1ed2f90340ed5047d9/65cb4f183241e07919c515dd_ophthalmology.png]
[cdn.prod.website-files.com/65cb4d1ed2f90340ed5047d9/65cb4ec699c1bc891353aa7d_neurology.png]
[cdn.prod.website-files.com/65cb4d1ed2f90340ed5047d9/65cb4e675d6e1ddd8919d292_oncology.png]
[cdn.prod.website-files.com/65cb4d1ed2f90340ed5047d9/65cb4e02fe228aa210465184_cardiology.png]
[cdn.prod.website-files.com/65c992c37023d69385565acc/65d1ed53f17f19b1fb6bf58a_choose-us-video-bg.jpg]
[cdn.prod.website-files.com/65c992c37023d69385565acc/65d1eedc50a2ea9f70c6461b_Polygon-1.png]
[cdn.prod.website-files.com/65c992c37023d69385565acc/65d1a4024399efb60073c983_medcare-white-logo.png]
[medcare-template.webflow.io/home-page/home-two.html]
[medcare-template.webflow.io/doctor-specialty/cardiologist.html]
[medcare-template.webflow.io/doctor-specialty/oncologist.html]
[medcare-template.webflow.io/doctor-types/medicine-specialist.html]
[medcare-template.webflow.io/doctor-types/consultant.html]
[medcare-template.webflow.io/doctor-chamber-locations/los-angeles.html]
[medcare-template.webflow.io/doctor-chamber-locations/new-york-city.html]
[medcare-template.webflow.io/doctor-chamber-locations/chicago-usa.html]
[medcare-template.webflow.io/doctors/dr-broklyn-simon.html]
[cdn.prod.website-files.com/65cb4d1ed2f90340ed5047d9/65cc89c6daf05c03135e7d5b_dr-brooklyn-simmons.png]
[medcare-template.webflow.io/doctors/dr-marks-stilleng.html]
[cdn.prod.website-files.com/65cb4d1ed2f90340ed5047d9/65cc8998b1c9913ecec69495_dr-marks-stilleng.png]
[medcare-template.webflow.io/doctors.html]
[medcare-template.webflow.io/doctors62cc.html]
[medcare-template.webflow.io/post/parenting-tips-for-promoting-childrens-well-being.html]
[cdn.prod.website-files.com/65cb4d1ed2f90340ed5047d9/65cdb234f84aebdd16e5cb18_parenting-tips-for-promoting-childrens-well-being.jpg]
[cdn.prod.website-files.com/65cb4d1ed2f90340ed5047d9/65cdc91c0bea02ac32122717_robert-fox.png]
[medcare-template.webflow.io/blog-authors/robert-fox.html]
[medcare-template.webflow.io/post/accessible-healthcare-solutions-for-everyone.html]
[cdn.prod.website-files.com/65cb4d1ed2f90340ed5047d9/65cdb2126149e6e6dd20f663_accessible-healthcare-solutions-for-everyone.jpg]
[medcare-template.webflow.io/post/wellness-and-prevention-services.html]
[cdn.prod.website-files.com/65cb4d1ed2f90340ed5047d9/65cdb1c9abb423cfdb5d0fda_wellness-and-prevention-services..jpg]
[medcare-template.webflow.io/blog.html]
[medcare-template.webflow.io/appointment.html]
[medcare-template.webflow.io/contact-us.html]
[medcare-template.webflow.io/blogbb33.html]
[cdn.prod.website-files.com/65c992c37023d69385565acc/65e6e12b4f03e2d8440da7a9_authentication -banner.jpg]
[medcare-template.webflow.io/sign-in.html]
[medcare-template.webflow.io/sign-up.html]
[medcare-template.webflow.io/forgot-password.html]
[cdn.prod.website-files.com/65cb4d1ed2f90340ed5047d9/65d6d669dfaa8125ae3ac9af_gynecology.jpg]
[cdn.prod.website-files.com/65cb4d1ed2f90340ed5047d9/65d6db41bd19bae4a3fb08cb_service-details-image.jpg]
[medcare-template.webflow.io/service/gynecology.html]
[cdn.prod.website-files.com/65cb4d1ed2f90340ed5047d9/65cdb2ae80554dc7bf42c4bb_regular-screenings-and-health-maintenance.jpg]
[cdn.prod.website-files.com/65cb4d1ed2f90340ed5047d9/65d70fbe8aa426ac4af205c8_Blog-content-banner.jpg]
[medcare-template.webflow.io/post/regular-screenings-and-health-maintenance.html]
[cdn.prod.website-files.com/65cb4d1ed2f90340ed5047d9/65e59cad55d108e3b525354d_dr-sarah-davis.jpg]
[medcare-template.webflow.io/doctors/dr-sarah-davis.html]
[assets-global.website-files.com/65c992c37023d69385565acc/65c9dc31c6aa622c981c7036_favicon_32x32px.png]
[assets-global.website-files.com/65c992c37023d69385565acc/65c9dc398a42023d2fd60f43_webclip_256x256px.png]
[assets-global.website-files.com/65c992c37023d69385565acc/65e6fd514ce6e880a16ded5a_banner-404-page.png]
[medcare-template.webflow.io/404.html]
[assets-global.website-files.com/65c992c37023d69385565acc/65e6fe1a56e4d824ad516116_password-protected.png]
[medcare-template.webflow.io/401.html]
[medcare-template.webflow.io/template-info/style-guide.html]
[medcare-template.webflow.io/template-info/licenses.html]
[medcare-template.webflow.io/template-info/changelog.html]
[cdn.prod.website-files.com/65cb4d1ed2f90340ed5047d9/65e59c821594255a9a52dfbd_dr-david-martin.jpg]
[medcare-template.webflow.io/doctors/dr-david-martin.html]
[medcare-template.webflow.io/doctor-specialty/ophthalmologist.html]
[cdn.prod.website-files.com/65cb4d1ed2f90340ed5047d9/65e59c9b7a1e2cec342d6a73_dr-robert-jackson.jpg]
[medcare-template.webflow.io/doctors/dr-robert-jackson.html]
[medcare-template.webflow.io/doctor-specialty/neurologist.html]
[medcare-template.webflow.io/doctor-specialty/gynecologist.html]
[cdn.prod.website-files.com/65cb4d1ed2f90340ed5047d9/65e59cc50acbcc24ae2641dd_dr-jessica-white.jpg]
[medcare-template.webflow.io/doctors/dr-jessica-white.html]
[cdn.prod.website-files.com/65cb4d1ed2f90340ed5047d9/65cc887ae933f481bb1ec538_dr-esther-howard.png]
[medcare-template.webflow.io/doctor-specialty/pediatrician.html]
[cdn.prod.website-files.com/65cb4d1ed2f90340ed5047d9/65d6d6816f1aa4e5bea3e886_pediatrics.jpg]
[medcare-template.webflow.io/service/pediatrics.html]
[cdn.prod.website-files.com/65cb4d1ed2f90340ed5047d9/65d6d97520a1012bdfc7cf71_neurology.jpg]
[medcare-template.webflow.io/service/neurology.html]
[cdn.prod.website-files.com/65cb4d1ed2f90340ed5047d9/65d6d992b52e4f1ff16202ae_oncology.jpg]
[medcare-template.webflow.io/service/oncology.html]
[cdn.prod.website-files.com/65cb4d1ed2f90340ed5047d9/65d6d9aa37b79065abf0097e_cardiology.jpg]
[medcare-template.webflow.io/service/cardiology.html]
[medcare-template.webflow.io/post/virtual-consultations-with-quality-doctor.html]
[cdn.prod.website-files.com/65cb4d1ed2f90340ed5047d9/65cdb0f4f390161c4141bd9a_virtual-consultations-with-quality-doctor.jpg]
[medcare-template.webflow.io/blog-authors/cody-fisher.html]
[cdn.prod.website-files.com/65cb4d1ed2f90340ed5047d9/65cdb2eeca65b4c80cd95f53_enhancing-your-life-through-mind-body-practices.jpg]
[medcare-template.webflow.io/post/enhancing-your-life-through-mind-body-practices.html]
[medcare-template.webflow.io/post/get-treatment-from-our-experienced-doctor.html]
[cdn.prod.website-files.com/65cb4d1ed2f90340ed5047d9/65cdb19c30c88b1da8a248aa_get-treatment-from-our-experienced-doctor.jpg]
[medcare-template.webflow.io/blog-authors/floyd-miles.html]
[medcare-template.webflow.io/blog-authors/rick-walton.html]
[cdn.prod.website-files.com/65cb4d1ed2f90340ed5047d9/65cc88a2fdf113a4f1da5fd9_dr-cameron-williams.png]
[medcare-template.webflow.io/doctor-specialty/cardiologist.html]
[medcare-template.webflow.io/doctors/dr-leslie-alexander.html]
[cdn.prod.website-files.com/65cb4d1ed2f90340ed5047d9/65cc895e9e0c505b2115b6a0_dr-leslie-alexander.png]
[medcare-template.webflow.io/doctor-specialty/oncologist.html]
[medcare-template.webflow.io/doctor-types/medicine-specialist.html]
[medcare-template.webflow.io/doctor-types/consultant.html]
[medcare-template.webflow.io/doctor-chamber-locations/los-angeles.html]
[medcare-template.webflow.io/doctor-chamber-locations/new-york-city.html]
[medcare-template.webflow.io/doctor-chamber-locations/chicago-usa.html]
[cdn.prod.website-files.com/65cb4d1ed2f90340ed5047d9/65e59cdb2386448a9c9b5f22_dr-broklyn-simon.jpg]
[medcare-template.webflow.io/doctors/dr-broklyn-simon.html]
[cdn.prod.website-files.com/65cb4d1ed2f90340ed5047d9/65e59d2e7f7912fba358e950_dr-marks-stilleng.jpg]
[medcare-template.webflow.io/doctors/dr-marks-stilleng.html]
[medcare-template.webflow.io/doctors62cc.html]
[cdn.prod.website-files.com/65cb4d1ed2f90340ed5047d9/65cdb24b05c9f490c5b8625e_parenting-tips-for-promoting-childrens-well-being.jpg]
[medcare-template.webflow.io/post/parenting-tips-for-promoting-childrens-well-being.html]
[cdn.prod.website-files.com/65cb4d1ed2f90340ed5047d9/65cdb16495dfb4b797fee9d8_anytime-take-appointment-from-quality-doctor.jpg]
[medcare-template.webflow.io/blog-authors/robert-fox.html]
[cdn.prod.website-files.com/65cb4d1ed2f90340ed5047d9/65cdb1fc5b1e8fbd18710992_accessible-healthcare-solutions-for-everyone.jpg]
[medcare-template.webflow.io/post/accessible-healthcare-solutions-for-everyone.html]
[cdn.prod.website-files.com/65cb4d1ed2f90340ed5047d9/65cdb1d80053ac7330b160b2_wellness-and-prevention-services.jpg]
[medcare-template.webflow.io/post/wellness-and-prevention-services.html]
[medcare-template.webflow.io/blogbb33.html]
[medcare-template.webflow.io/index.html]
[cdn.prod.website-files.com/65cb4d1ed2f90340ed5047d9/65cdb0eac4a02484244e4527_virtual-consultations-with-quality-doctor.jpg]
[medcare-template.webflow.io/post/virtual-consultations-with-quality-doctor.html]
[cdn.prod.website-files.com/65cb4d1ed2f90340ed5047d9/65cdb18f4db29f47bae9b129_get-treatment-from-our-experienced-doctor.jpg]
[medcare-template.webflow.io/post/get-treatment-from-our-experienced-doctor.html]
[cdn.prod.website-files.com/65cb4d1ed2f90340ed5047d9/65e59d55ecc3fa21c9e3d67c_dr-leslie-alexander.jpg]
[medcare-template.webflow.io/doctors/dr-leslie-alexander.html]
[medcare-template.webflow.io/service/ophthalmology.html]
[medcare-template.webflow.io/post/expert-advice-on-chronic-conditions.html]
[medcare-template.webflow.io/doctor-types/surgeon.html]
[medcare-template.webflow.io/doctors/dr-esther-howard.html]
[medcare-template.webflow.io/doctors/dr-camron-william.html]
[medcare-template.webflow.io/doctors167e.html]
[medcare-template.webflow.io/post/anytime-take-appointment-from-quality-doctor.html]
[medcare-template.webflow.io/blogdff1.html]
